
> inspector360@1.0.0 build
> next build

   Ôû▓ Next.js 15.1.11
   - Environments: .env.local

   Creating an optimized production build ...
node.exe : [baseline-b
rowser-mapping] The 
data in this module 
is over two months 
old.  To ensure 
accurate Baseline 
data, please update: 
`npm i baseline-browse
r-mapping@latest -D`
En línea: 1 Carácter: 
1
+ & "C:\Program Files\
nodejs/node.exe" 
"C:\Program 
Files\nodejs/node_mo 
...
+ ~~~~~~~~~~~~~~~~~~~~
~~~~~~~~~~~~~~~~~~~~~~
~~~~~~~~~~~~~~~~~~~~~~
~~~~~
    + CategoryInfo    
          : NotSpeci  
  fied: ([baseline-   
 brows...ping@late    
st -D`:String) []    
, RemoteException
    + FullyQualifiedE 
   rrorId : NativeCo  
  mmandError
 
 Ô£ô Compiled successfully
   Linting and checking validity of types ...
   Collecting page data ...
   Generating static pages (0/24) ...
   Generating static pages (6/24) 
   Generating static pages (12/24) 
   Generating static pages (18/24) 
 Ô£ô Generating static pages (24/24)
   Finalizing page optimization ...
   Collecting build traces ...

Route (app)                              Size     First Load JS
Ôöî Ôùï /                                    160 B           106 kB
Ôö£ Ôùï /_not-found                          990 B           107 kB
Ôö£ ãÆ /api/inspections/[id]/pdf            160 B           106 kB
Ôö£ ãÆ /api/talks/execution/[id]/pdf        160 B           106 kB
Ôö£ ãÆ /api/users/[id]                      160 B           106 kB
Ôö£ ãÆ /api/users/[id]/change-password      160 B           106 kB
Ôö£ ãÆ /api/users/create                    160 B           106 kB
Ôö£ Ôùï /compliance                          119 kB          352 kB
Ôö£ Ôùï /dashboard                           6.29 kB         268 kB
Ôö£ Ôùï /fix-status                          5.28 kB         202 kB
Ôö£ Ôùï /icon.svg                            0 B                0 B
Ôö£ Ôùï /inspections                         6.2 kB          214 kB
Ôö£ ãÆ /inspections/[id]                    16 kB           232 kB
Ôö£ Ôùï /inspections/new                     21.4 kB         282 kB
Ôö£ Ôùï /login                               5.3 kB          222 kB
Ôö£ Ôùï /settings                            1.62 kB         200 kB
Ôö£ Ôùï /settings/employees                  13.1 kB         251 kB
Ôö£ Ôùï /settings/employees/upload           5.35 kB         348 kB
Ôö£ Ôùï /settings/stations                   4.5 kB          221 kB
Ôö£ Ôùï /settings/users                      6.69 kB         268 kB
Ôö£ Ôùï /talks/bulletins                     8.81 kB         228 kB
Ôö£ Ôùï /talks/bulletins/upload              8.34 kB         335 kB
Ôö£ Ôùï /talks/history                       4.3 kB          209 kB
Ôö£ Ôùï /talks/register                      21.3 kB         292 kB
Ôö£ Ôùï /talks/schedule                      10.2 kB         226 kB
Ôö£ Ôùï /templates/forata057                 9.84 kB         174 kB
Ôöö Ôùï /templates/safety-talk               6.72 kB         172 kB
+ First Load JS shared by all            106 kB
  Ôö£ chunks/1517-279563ba5d506c4a.js      50.8 kB
  Ôö£ chunks/4bd1b696-c24eded3a415d2a5.js  53 kB
  Ôöö other shared chunks (total)          2.08 kB


ãÆ Middleware                             78.1 kB

Ôùï  (Static)   prerendered as static content
ãÆ  (Dynamic)  server-rendered on demand

