lib/services/compliance.ts(1053,5): error TS1128: Declaration or statement expected.
lib/services/compliance.ts(1053,7): error TS1128: Declaration or statement expected.
lib/services/compliance.ts(1067,3): error TS1128: Declaration or statement expected.
lib/services/compliance.ts(1067,4): error TS1128: Declaration or statement expected.
lib/services/compliance.ts(1090,5): error TS1128: Declaration or statement expected.
lib/services/compliance.ts(1090,7): error TS1005: 'try' expected.
lib/services/compliance.ts(1094,3): error TS1128: Declaration or statement expected.
lib/services/compliance.ts(1098,3): error TS1128: Declaration or statement expected.
lib/services/compliance.ts(1098,10): error TS1434: Unexpected keyword or identifier.
lib/services/compliance.ts(1098,52): error TS1109: Expression expected.
lib/services/compliance.ts(1098,74): error TS1005: ',' expected.
lib/services/compliance.ts(1098,92): error TS1005: ',' expected.
lib/services/compliance.ts(1098,108): error TS1005: ',' expected.
lib/services/compliance.ts(1098,128): error TS1011: An element access expression should take an argument.
lib/services/compliance.ts(1098,133): error TS1005: ';' expected.
lib/services/compliance.ts(1211,1): error TS1128: Declaration or statement expected.
